P1_sanity_M420_F93 DPP {'E_sol_over_M': 2.527206577761913, 'eps_val': 0.3025691864653732, 'gA0': 0.7517542422861473, 'gA0_val': 0.691978593767424, 'gA0_sea': 0.0597756485187233, 'I_times_M': 2.4891694110409115, 'A_re': -3.1970366635984773e-16, 'A_im': 1.102016464280313, 'Amu_re': 3.0311061834622107e-15, 'Amu_im': 2.1924901105313257, 'B_re': -4.034149912891246, 'B_im': -1.8938821103212684e-14, 'xat_val': -2.3284104962636, 'xat_sea': -2.339608940209473}
P1_sanity_M420_F93 sc 0 E 2.527206577761913 ev 0.3025691864653732 dtheta 0.16908346935700846 theta(0) -3.1415846929851563
P1_sanity_M420_F93 sc 1 E 2.494962468412024 ev 0.29868263640951453 dtheta 0.10313254602243038 theta(0) -3.1415841839599707
P1_sanity_M420_F93 sc 2 E 2.4844361787055314 ev 0.29558930420751056 dtheta 0.06270371306918676 theta(0) -3.1415838855278544
P1_sanity_M420_F93 sc 3 E 2.4797219482439505 ev 0.29279347031468933 dtheta 0.03795381465373371 theta(0) -3.1415837114131917
P1_sanity_M420_F93 sc 4 E 2.476928634635698 ev 0.2901171374730906 dtheta 0.02280144359520664 theta(0) -3.1415836106614123
P1_sanity_M420_F93 sc 5 E 2.4749242730804983 ev 0.2875094518672719 dtheta 0.01368606012882001 theta(0) -3.141583553638986
P1_sanity_M420_F93 sc 6 E 2.4733158442714864 ev 0.2849646625769847 dtheta 0.012335559686042386 theta(0) -3.1415835229755333
P1_sanity_M420_F93 sc 7 E 2.471943161179323 ev 0.28248965939981735 dtheta 0.011260722230270304 theta(0) -3.141583508332244
P1_sanity_M420_F93 sc 8 E 2.470731058327097 ev 0.2800923819288328 dtheta 0.010385918174289577 theta(0) -3.1415835034614483
P1_sanity_M420_F93 sc 9 E 2.4696394910447994 ev 0.27777842188733803 dtheta 0.009658746614777725 theta(0) -3.1415835045399105
P1_sanity_M420_F93 sc 10 E 2.4703388442937486 ev 0.2755505818227535 dtheta 0.18773786581347318 theta(0) -3.1415813053461976
P1_sanity_M420_F93 sc 11 E 2.4773995788120433 ev 0.3025027776124175 dtheta 0.04739612181174646 theta(0) -3.141583066394714
P1_sanity_M420_F93 sc 12 E 2.474256148712347 ev 0.29652106804478157 dtheta 0.03479283027647151 theta(0) -3.141583178748228
P1_sanity_M420_F93 sc 13 E 2.472028813350123 ev 0.2914761832059837 dtheta 0.02652280330131873 theta(0) -3.1415832624095055
P1_sanity_M420_F93 sc 14 E 2.470328865640203 ev 0.2871149657535678 dtheta 0.02103662964641706 theta(0) -3.1415833257288166
P1_sanity_M420_F93 sc 15 E 2.4689553076326605 ev 0.28327428915784203 dtheta 0.017344399742248884 theta(0) -3.141583374617543
P1_sanity_M420_F93 sc 16 E 2.4677982527429476 ev 0.27984313920858117 dtheta 0.014794771671688967 theta(0) -3.1415834132025657
P1_sanity_M420_F93 sc 17 E 2.466794185048411 ev 0.27674260109385623 dtheta 0.012960971253336284 theta(0) -3.1415834443543993
P1_sanity_M420_F93 sc 18 E 2.4685002948080665 ev 0.27391459576609906 dtheta 0.1851623169573915 theta(0) -3.1415811621906635
P1_sanity_M420_F93 sc 19 E 2.476224735611294 ev 0.30089009100890457 dtheta 0.05323495297976377 theta(0) -3.1415830342756563
P1_sanity_M420_F93 sc 20 E 2.472592801548438 ev 0.2943791318982649 dtheta 0.03891200586785315 theta(0) -3.1415831594590276
P1_sanity_M420_F93 sc 21 E 2.470127893342736 ev 0.28896561386868 dtheta 0.029515844309809358 theta(0) -3.1415832524455207
P1_sanity_M420_F93 sc 22 E 2.4683265962686356 ev 0.28434335397854693 dtheta 0.023251815316408297 theta(0) -3.1415833225321292
P1_sanity_M420_F93 sc 23 E 2.466928307507702 ev 0.28031726516401123 dtheta 0.01899312477580839 theta(0) -3.1415833763484993
P1_sanity_M420_F93 sc 24 E 2.46579058018506 ev 0.276755795171467 dtheta 0.01601678385166716 theta(0) -3.141583418538807
P1_sanity_M420_F93 sc 25 E 2.4668934698080354 ev 0.2735661341124286 dtheta 0.18442403506750304 theta(0) -3.141581097872056
P1_sanity_M420_F93 sc 26 E 2.475954641562593 ev 0.3005381859849017 dtheta 0.05594034698284167 theta(0) -3.141583018549072
P1_sanity_M420_F93 sc 27 E 2.472013991390723 ev 0.29370483028635164 dtheta 0.04089239730506522 theta(0) -3.141583149268474
P1_sanity_M420_F93 sc 28 E 2.4693736998023477 ev 0.28805215759572556 dtheta 0.03102184760831017 theta(0) -3.1415832464305766
P1_sanity_M420_F93 sc 29 E 2.46747400863776 ev 0.2832483001447562 dtheta 0.024429367285057735 theta(0) -3.1415833196680687
P1_sanity_M420_F93 sc 30 E 2.466023919296636 ev 0.27908240924028827 dtheta 0.019927286196965044 theta(0) -3.1415833758765865
P1_sanity_M420_F93 sc 31 E 2.464863608179667 ev 0.2754126078583724 dtheta 0.016761344433715575 theta(0) -3.1415834198975183
P1_sanity_M420_F93 sc 32 E 2.4680479739510734 ev 0.27213895997075543 dtheta 0.18387908421652832 theta(0) -3.141581095767535
P1_sanity_M420_F93 sc 33 E 2.475201811324405 ev 0.2990375451540051 dtheta 0.0563615855045394 theta(0) -3.1415830220220955
P1_sanity_M420_F93 sc 34 E 2.4712126288618097 ev 0.2921486002797106 dtheta 0.041230647074668614 theta(0) -3.1415831536859464
P1_sanity_M420_F93 sc 35 E 2.4685500323814074 ev 0.28645683619484097 dtheta 0.03130042462507587 theta(0) -3.141583251589186
P1_sanity_M420_F93 sc 36 E 2.4666448699868586 ev 0.281626191088746 dtheta 0.02466040447705753 theta(0) -3.141583325405022
P1_sanity_M420_F93 sc 37 E 2.46520038647511 ev 0.27744300929550264 dtheta 0.02011721955275858 theta(0) -3.14158338206317
P1_sanity_M420_F93 sc 38 E 2.464295170739882 ev 0.273763427206818 dtheta 0.1837389933706608 theta(0) -3.1415810082574755
P1_sanity_M420_F93 sc 39 E 2.4761803562327875 ev 0.30074736557422715 dtheta 0.05947981007960079 theta(0) -3.141582995115526
P1_sanity_M420_F93 sc 40 E 2.471782401978862 ev 0.29346850073815206 dtheta 0.04346603072505584 theta(0) -3.141583133086354
P1_sanity_M420_F93 sc 41 E 2.4688666174377456 ev 0.28747949031721143 dtheta 0.03297496323423044 theta(0) -3.1415832357327815
P1_sanity_M420_F93 sc 42 E 2.4667970047654197 ev 0.2824144238917405 dtheta 0.025960608733724744 theta(0) -3.141583313123952
P1_sanity_M420_F93 sc 43 E 2.465241824730376 ev 0.2780418584489423 dtheta 0.02115434534497651 theta(0) -3.1415833725040843
P1_sanity_M420_F93 sc 44 E 2.464018058400232 ev 0.2742065747040102 dtheta 0.01775628581242139 theta(0) -3.141583418972665
P1_sanity_M420_F93 sc 45 E 2.4689440055182716 ev 0.2707995005697171 dtheta 0.1833967092462001 theta(0) -3.141581088049984
P1_sanity_M420_F93 sc 46 E 2.4745799789218026 ev 0.2976186310883176 dtheta 0.05699951014297788 theta(0) -3.1415830237076476
P1_sanity_M420_F93 sc 47 E 2.4704964700492766 ev 0.29062652701553837 dtheta 0.04174157076058771 theta(0) -3.1415831567607038
P1_sanity_M420_F93 sc 48 E 2.4677773294378382 ev 0.2848558223117098 dtheta 0.03172557063057502 theta(0) -3.141583255770123
P1_sanity_M420_F93 sc 49 E 2.465840243090309 ev 0.27996437222687887 dtheta 0.02502093595184407 theta(0) -3.141583330466597
P1_sanity_M420_F93 sc 50 E 2.464380522568722 ev 0.2757345054457838 dtheta 0.020424978569967944 theta(0) -3.1415833878278483
P1_sanity_M420_F93 sc 51 E 2.4662263668162563 ev 0.27201954119183175 dtheta 0.18314084611554193 theta(0) -3.141581016250468
P1_sanity_M420_F93 sc 52 E 2.4754132847784867 ev 0.2989109247352631 dtheta 0.05953636271961349 theta(0) -3.141583002119569
P1_sanity_M420_F93 sc 53 E 2.4710036581908263 ev 0.29162377299844533 dtheta 0.04353285338456825 theta(0) -3.141583140371906
P1_sanity_M420_F93 sc 54 E 2.4680845196738366 ev 0.28563097380490493 dtheta 0.033043943940627596 theta(0) -3.141583243253093
P1_sanity_M420_F93 sc 55 E 2.466018275170942 ev 0.2805661340573042 dtheta 0.026025836706751848 theta(0) -3.1415833208361787
P1_sanity_M420_F93 sc 56 E 2.46447167407951 ev 0.27619731232400235 dtheta 0.021211536440420398 theta(0) -3.1415833803695876
P1_sanity_M420_F93 sc 57 E 2.465324923356539 ev 0.27236883068770085 dtheta 0.1832232211322289 theta(0) -3.141580998270348
P1_sanity_M420_F93 sc 58 E 2.475657207784353 ev 0.299268388590026 dtheta 0.06020555536706196 theta(0) -3.141582996445891
P1_sanity_M420_F93 sc 59 E 2.471138822093584 ev 0.29187349230876863 dtheta 0.04403982660670325 theta(0) -3.141583136002426
P1_FSOT DPP {'E_sol_over_M': 3.413084719859441, 'eps_val': 0.535271546984248, 'gA0': 0.7424282303742769, 'gA0_val': 0.7184640801250208, 'gA0_sea': 0.023964150249256022, 'I_times_M': 2.647107390013041, 'A_re': 1.0281331130274068e-15, 'A_im': 1.1464236122154239, 'Amu_re': -3.3792320366564925e-14, 'Amu_im': 1.6757909563511126, 'B_re': -4.024261220220868, 'B_im': -5.208138085181725e-15, 'xat_val': -2.1099288403905487, 'xat_sea': -1.7768368075574017}
P1_FSOT sc 0 E 3.413084719859441 ev 0.535271546984248 dtheta 0.1934205009261536 theta(0) -3.1415817453785024
P1_FSOT sc 1 E 3.381056443641619 ev 0.5369994208666339 dtheta 0.11483812497224344 theta(0) -3.14158121814852
P1_FSOT sc 2 E 3.371274042710846 ev 0.5388180872272598 dtheta 0.06930915124449388 theta(0) -3.1415808944573844
P1_FSOT sc 3 E 3.367342951507811 ev 0.5403440526631528 dtheta 0.042648187330791565 theta(0) -3.141580693732532
P1_FSOT sc 4 E 3.365312710931991 ev 0.5414984546534358 dtheta 0.0268752824606473 theta(0) -3.141580566755844
P1_FSOT sc 5 E 3.36404929396679 ev 0.5423085053080309 dtheta 0.017427839623705754 theta(0) -3.141580484774475
P1_FSOT sc 6 E 3.36315869493369 ev 0.5428298280956692 dtheta 0.011670134460975756 theta(0) -3.141580430896404
P1_FSOT sc 7 E 3.3624772696094847 ev 0.5431187105216831 dtheta 0.008059030796509159 theta(0) -3.1415803949794245
P1_FSOT sc 8 E 3.361926251808363 ev 0.5432237319183161 dtheta 0.00569046655932004 theta(0) -3.141580370787641
P1_FSOT sc 9 E 3.361463157932064 ev 0.5431844238664086 dtheta 0.004057711854986046 theta(0) -3.141580354403301
P1_FSOT sc 10 E 3.361063003572239 ev 0.5430322036571227 dtheta 0.0028864191968964725 theta(0) -3.1415803433171865
P1_FSOT sc 11 E 3.3607100810676647 ev 0.5427918315409223 dtheta 0.002615016390819569 theta(0) -3.141580335893239
P1_FSOT sc 12 E 3.360393979691032 ev 0.5424827994992248 dtheta 0.0024485068163913604 theta(0) -3.1415803310460375
P1_FSOT sc 13 E 3.360107494920933 ev 0.5421204894170009 dtheta 0.0023033679013209074 theta(0) -3.1415803280428456
P1_FSOT sc 14 E 3.359845459525111 ev 0.5417170893382667 dtheta 0.002176114396224116 theta(0) -3.1415803263802187
P1_FSOT sc 15 E 3.359604050943161 ev 0.5412823022526683 dtheta 0.0020640003692709574 theta(0) -3.1415803257060464
P1_FSOT sc 16 E 3.359380364149463 ev 0.5408238897561755 dtheta 0.001964934612958047 theta(0) -3.1415803257696537
P1_FSOT sc 17 E 3.359172140176414 ev 0.5403480884952662 dtheta 0.0018772485336265854 theta(0) -3.141580326389454
P1_FSOT sc 18 E 3.358977583247291 ev 0.5398599299711664 dtheta 0.0017998082352659872 theta(0) -3.1415803274316914
P1_FSOT sc 19 E 3.3587952395567178 ev 0.5393634872809886 dtheta 0.0017317369606231203 theta(0) -3.1415803287962834
P1_FSOT sc 20 E 3.35862391021966 ev 0.5388620666031941 dtheta 0.0016720333161202028 theta(0) -3.141580330407247
P1_FSOT sc 21 E 3.358462592730336 ev 0.5383583567593359 dtheta 0.0016193964857037502 theta(0) -3.1415803322061344
P1_FSOT sc 22 E 3.3583104355596594 ev 0.5378545468106016 dtheta 0.0015726812254381883 theta(0) -3.141580334147453
P1_FSOT sc 23 E 3.358166706266811 ev 0.537352419137814 dtheta 0.0015310028952775223 theta(0) -3.141580336195432
P1_FSOT sc 24 E 3.3580307679474286 ev 0.5368534235969257 dtheta 0.0014939880222248902 theta(0) -3.141580338321694
P1_FSOT sc 25 E 3.3579020604301535 ev 0.5363587369688732 dtheta 0.0014658820841757514 theta(0) -3.1415803405035576
P1_FSOT sc 26 E 3.35778008651069 ev 0.5358693109054549 dtheta 0.0014436946409773777 theta(0) -3.141580342722786
P1_FSOT sc 27 E 3.357664401576982 ev 0.5353859108160591 dtheta 0.0014225657018519522 theta(0) -3.1415803449646416
P1_FSOT sc 28 E 3.357554604920473 ev 0.5349091475743393 dtheta 0.001401565732459531 theta(0) -3.141580347217174
P1_FSOT sc 29 E 3.35745033209664 ev 0.5344395034986634 dtheta 0.0013802913942120298 theta(0) -3.1415803494706673
P1_FSOT sc 30 E 3.3573512514591757 ev 0.5339773537385051 dtheta 0.0013586242428076378 theta(0) -3.1415803517172143
P1_FSOT sc 31 E 3.3572570580488383 ev 0.5335229839540494 dtheta 0.001336507038277479 theta(0) -3.1415803539503795
P1_FSOT sc 32 E 3.3571674711736854 ev 0.5330766049888247 dtheta 0.001313957370035479 theta(0) -3.141580356164931
P1_FSOT sc 33 E 3.3570822316706153 ev 0.5326383650905473 dtheta 0.0012910431424587587 theta(0) -3.1415803583566304
P1_FSOT sc 34 E 3.357001097583975 ev 0.5322083601232865 dtheta 0.0012678460808689396 theta(0) -3.141580360522058
P1_FSOT sc 35 E 3.3569238453246983 ev 0.5317866421265338 dtheta 0.001244441859870049 theta(0) -3.141580362658474
P1_FSOT sc 36 E 3.356850265187927 ev 0.5313732265080454 dtheta 0.0012208997818573541 theta(0) -3.1415803647637066
P1_FSOT sc 37 E 3.3567801614725896 ev 0.5309680981030681 dtheta 0.0011973325092786702 theta(0) -3.141580366836055
P1_FSOT sc 38 E 3.3567133503122326 ev 0.5305712162894899 dtheta 0.0011737657334488505 theta(0) -3.1415803688742145
P1_FSOT sc 39 E 3.356649660388869 ev 0.5301825193140403 dtheta 0.001150303018813914 theta(0) -3.141580370877211
P1_FSOT sc 40 E 3.3565889286111585 ev 0.5298019279570817 dtheta 0.0011269614578165443 theta(0) -3.141580372844347
P1_FSOT sc 41 E 3.3565310037125817 ev 0.529429348641244 dtheta 0.001103815942902986 theta(0) -3.141580374775161
P1_FSOT sc 42 E 3.3564757415643323 ev 0.5290646760711313 dtheta 0.001080906570175455 theta(0) -3.141580376669383
P1_FSOT sc 43 E 3.356423006935626 ev 0.5287077954766591 dtheta 0.0010582544053242549 theta(0) -3.141580378526909
P1_FSOT sc 44 E 3.356372672406854 ev 0.5283585845205631 dtheta 0.0010358922272010185 theta(0) -3.1415803803477718
P1_FSOT sc 45 E 3.3563246169938368 ev 0.5280169149207281 dtheta 0.0010138467975576715 theta(0) -3.141580382132119
P1_FSOT sc 46 E 3.3562787268955945 ev 0.527682653829933 dtheta 0.0009921509626964475 theta(0) -3.1415803838801923
P1_FSOT sc 47 E 3.35623489418629 ev 0.5273556650088599 dtheta 0.0009708118287887757 theta(0) -3.141580385592315
P1_FSOT sc 48 E 3.356193016942995 ev 0.5270358098226825 dtheta 0.0009498390321316386 theta(0) -3.1415803872688737
P1_FSOT sc 49 E 3.3561529986016128 ev 0.5267229480867188 dtheta 0.0009292430471313784 theta(0) -3.14158038891031
P1_FSOT sc 50 E 3.3561147484127405 ev 0.5264169387830959 dtheta 0.0009090315051409892 theta(0) -3.1415803905171096
P1_FSOT sc 51 E 3.3560781789950216 ev 0.5261176406667586 dtheta 0.0008892096077659506 theta(0) -3.141580392089792
P1_FSOT sc 52 E 3.3560432089150343 ev 0.5258249127766698 dtheta 0.0008697804836905743 theta(0) -3.141580393628906
P1_FSOT sc 53 E 3.3560097602349077 ev 0.5255386148656176 dtheta 0.0008507454966912853 theta(0) -3.1415803951350227
P1_FSOT sc 54 E 3.355977759780738 ev 0.5252586077602007 dtheta 0.0008321045119166204 theta(0) -3.1415803966087283
P1_FSOT sc 55 E 3.355947137186166 ev 0.524984753660741 dtheta 0.0008138561259392052 theta(0) -3.1415803980506216
P1_FSOT sc 56 E 3.355917826691928 ev 0.524716916389699 dtheta 0.0007959978652802846 theta(0) -3.1415803994613096
P1_FSOT sc 57 E 3.355889765177899 ev 0.5244549615957841 dtheta 0.000778526358317988 theta(0) -3.141580400841405
P1_FSOT sc 58 E 3.3558628934386925 ev 0.5241987569200268 dtheta 0.0007614374837969784 theta(0) -3.1415804021915226
P1_FSOT sc 59 E 3.355837154860856 ev 0.5239481721291888 dtheta 0.0007447264985731561 theta(0) -3.141580403512276
P1_validation DPP {'E_sol_over_M': 3.689011465339868, 'eps_val': 0.655761385707159, 'gA0': 0.7437930119070755, 'gA0_val': 0.7388727119653735, 'gA0_sea': 0.0049202999417019555, 'I_times_M': 2.877480055968287, 'A_re': -2.3103825020934627e-15, 'A_im': 1.325805133766786, 'Amu_re': 3.758558534764349e-14, 'Amu_im': 1.6654281751959177, 'B_re': -4.5019301861804175, 'B_im': -7.470424514599008e-14, 'xat_val': -2.048464946142809, 'xat_sea': -1.405367680879408}
P1_validation sc 0 E 3.689011465339868 ev 0.655761385707159 dtheta 0.20442086618081223 theta(0) -3.141579870328412
P1_validation sc 1 E 3.65827745296605 ev 0.6583605469683508 dtheta 0.11745057971264572 theta(0) -3.1415794531788537
P1_validation sc 2 E 3.648804456599756 ev 0.6608438975364405 dtheta 0.06934312379909713 theta(0) -3.1415791816756333
P1_validation sc 3 E 3.6448463946826397 ev 0.6629038434514621 dtheta 0.04233714904003705 theta(0) -3.14157900338003
P1_validation sc 4 E 3.642676860848267 ev 0.6645085495071346 dtheta 0.026994699009651235 theta(0) -3.141578883313638
P1_validation sc 5 E 3.6412473530095246 ev 0.6657101635529992 dtheta 0.018177317063556853 theta(0) -3.141578800433907
P1_validation sc 6 E 3.6401960852737654 ev 0.6665770342681384 dtheta 0.012965901965490634 theta(0) -3.1415787420061076
P1_validation sc 7 E 3.639369927698396 ev 0.6671722763964051 dtheta 0.009638823688739251 theta(0) -3.141578700088156
P1_validation sc 8 E 3.6386919407093554 ev 0.6675486524112149 dtheta 0.007320496258291342 theta(0) -3.141578669580563
P1_validation sc 9 E 3.6381182697587073 ev 0.6677487439828036 dtheta 0.005608683110593926 theta(0) -3.1415786471302214
P1_validation sc 10 E 3.637621631997592 ev 0.6678065372406427 dtheta 0.004301277313397689 theta(0) -3.141578630487604
P1_validation sc 11 E 3.637183984625778 ev 0.667749139191293 dtheta 0.003281616345623295 theta(0) -3.141578618115226
P1_validation sc 12 E 3.636792852069247 ev 0.6675982564412776 dtheta 0.0026855688415199364 theta(0) -3.1415786089426674
P1_validation sc 13 E 3.6364393071603205 ev 0.667371375546506 dtheta 0.002517478992190958 theta(0) -3.1415786022104863
P1_validation sc 14 E 3.636116782024574 ev 0.6670826778351597 dtheta 0.002368912195232886 theta(0) -3.1415785973694303
P1_validation sc 15 E 3.6358203295150284 ev 0.6667437413552225 dtheta 0.0022369420685138253 theta(0) -3.1415785940145815
P1_validation sc 16 E 3.6355461467205292 ev 0.666364079051542 dtheta 0.002119194686962589 theta(0) -3.1415785918418195
P1_validation sc 17 E 3.6352912562894564 ev 0.6659515529880351 dtheta 0.0020137311845710992 theta(0) -3.1415785906186704
P1_validation sc 18 E 3.6350532884623217 ev 0.6655126951788344 dtheta 0.0019189438216323795 theta(0) -3.141578590164511
P1_validation sc 19 E 3.63483032738519 ev 0.6650529579507166 dtheta 0.001833558498886445 theta(0) -3.1415785903369233
P1_validation sc 20 E 3.6346208026716362 ev 0.6645769108787744 dtheta 0.001756484341786324 theta(0) -3.141578591022132
P1_validation sc 21 E 3.634423409487739 ev 0.6640883969495126 dtheta 0.0016868773660324021 theta(0) -3.1415785921281962
P1_validation sc 22 E 3.6342370505382733 ev 0.6635906573747424 dtheta 0.001624199623645961 theta(0) -3.1415785935800735
P1_validation sc 23 E 3.6340607911230367 ev 0.663086432110844 dtheta 0.001568197547857586 theta(0) -3.141578595315988
P1_validation sc 24 E 3.6338938281303306 ev 0.6625780413995087 dtheta 0.001518427936492317 theta(0) -3.1415785972847092
P1_validation sc 25 E 3.633735462521533 ev 0.6620674523654886 dtheta 0.0014740750419808824 theta(0) -3.1415785994434864
P1_validation sc 26 E 3.6335850809177526 ev 0.6615563337584032 dtheta 0.001434483646509277 theta(0) -3.141578601756456
P1_validation sc 27 E 3.633442141120825 ev 0.6610461012184402 dtheta 0.0013995644071683744 theta(0) -3.141578604193399
P1_validation sc 28 E 3.63330615815216 ev 0.6605379549147802 dtheta 0.001381034710711826 theta(0) -3.141578606728757
P1_validation sc 29 E 3.6331766968861645 ev 0.6600329110038496 dtheta 0.0013672111821350086 theta(0) -3.1415786093408493
P1_validation sc 30 E 3.6330533630692203 ev 0.6595318280483502 dtheta 0.0013555422019461139 theta(0) -3.14157861201124
P1_validation sc 31 E 3.632935797965787 ev 0.6590354293029598 dtheta 0.0013449032549446294 theta(0) -3.141578614724223
P1_validation sc 32 E 3.632823673125965 ev 0.6585443215907724 dtheta 0.001334335460001168 theta(0) -3.1415786174664007
P1_validation sc 33 E 3.632716685842433 ev 0.6580590113528973 dtheta 0.0013231713773260712 theta(0) -3.1415786202263343
P1_validation sc 34 E 3.632614557430052 ev 0.6575799183425853 dtheta 0.001311069780877805 theta(0) -3.141578622994257
P1_validation sc 35 E 3.6325170290732873 ev 0.6571073873475902 dtheta 0.0012979011822112918 theta(0) -3.1415786257618286
P1_validation sc 36 E 3.6324238598299705 ev 0.6566416982547204 dtheta 0.0012836652781964553 theta(0) -3.141578628521934
P1_validation sc 37 E 3.6323348249657124 ev 0.6561830747149714 dtheta 0.0012684548483226088 theta(0) -3.1415786312685134
P1_validation sc 38 E 3.632249714155713 ev 0.6557316916227593 dtheta 0.001252346130447446 theta(0) -3.1415786339964127
P1_validation sc 39 E 3.6321683302086085 ev 0.6552876815866692 dtheta 0.0012354574155952758 theta(0) -3.1415786367012637
P1_validation sc 40 E 3.63209048805155 ev 0.6548511405396278 dtheta 0.0012178953999146813 theta(0) -3.141578639379375
P1_validation sc 41 E 3.6320160135098964 ev 0.6544221326125284 dtheta 0.0011997893252027048 theta(0) -3.1415786420276453
P1_validation sc 42 E 3.6319447418495647 ev 0.6540006943755079 dtheta 0.0011812274262874567 theta(0) -3.141578644643481
P1_validation sc 43 E 3.6318765186238537 ev 0.6535868385348554 dtheta 0.0011623027226739246 theta(0) -3.141578647224733
P1_validation sc 44 E 3.631811197177723 ev 0.6531805571601609 dtheta 0.0011431008642166507 theta(0) -3.141578649769637
P1_validation sc 45 E 3.6317486389539217 ev 0.6527818245049775 dtheta 0.0011237169223767829 theta(0) -3.1415786522767637
P1_validation sc 46 E 3.6316887128577435 ev 0.652390599475074 dtheta 0.001104191502367513 theta(0) -3.141578654744974
P1_validation sc 47 E 3.6316312950545226 ev 0.6520068277904671 dtheta 0.0010845914238284404 theta(0) -3.1415786571733846
P1_validation sc 48 E 3.6315762677190997 ev 0.6516304438808441 dtheta 0.0010650040173940667 theta(0) -3.14157865956133
P1_validation sc 49 E 3.63152351934876 ev 0.6512613725483988 dtheta 0.0010454451948394006 theta(0) -3.141578661908338
P1_validation sc 50 E 3.631472943953815 ev 0.6508995304275705 dtheta 0.0010259591096679621 theta(0) -3.1415786642141037
P1_validation sc 51 E 3.6314244414353567 ev 0.6505448272669376 dtheta 0.0010065839091830675 theta(0) -3.1415786664784657
P1_validation sc 52 E 3.631377915872383 ev 0.6501971670553092 dtheta 0.0009873524552279633 theta(0) -3.141578668701389
P1_validation sc 53 E 3.631333277121705 ev 0.6498564490110835 dtheta 0.0009682929560848041 theta(0) -3.141578670882947
P1_validation sc 54 E 3.6312904390431404 ev 0.6495225684514775 dtheta 0.0009494295209213632 theta(0) -3.141578673023307
P1_validation sc 55 E 3.63124931964739 ev 0.6491954175560348 dtheta 0.0009307888524645591 theta(0) -3.1415786751227173
P1_validation sc 56 E 3.6312098409982205 ev 0.6488748860371281 dtheta 0.0009123828432349157 theta(0) -3.1415786771814957
P1_validation sc 57 E 3.631171929563294 ev 0.6485608617283685 dtheta 0.000894223633609359 theta(0) -3.14157867920002
P1_validation sc 58 E 3.631135514746082 ev 0.648253231100676 dtheta 0.0008763234745696735 theta(0) -3.1415786811787187
P1_validation sc 59 E 3.6311005295123135 ev 0.6479518797144587 dtheta 0.0008586924136335661 theta(0) -3.1415786831180625
P1_FSOT_conv DPP {'E_sol_over_M': 3.3042093681320432, 'eps_val': 0.5135832251800236, 'gA0': 0.7364399899103776, 'gA0_val': 0.7154032514403613, 'gA0_sea': 0.021036738470016303, 'I_times_M': 2.68259089838771, 'A_re': 1.684910972484778e-15, 'A_im': 1.1366995487979032, 'Amu_re': -5.5705566934135365e-14, 'Amu_im': 1.7265817681298894, 'B_re': -3.985315827621181, 'B_im': 8.883521666361718e-14, 'xat_val': -2.124846365333646, 'xat_sea': -1.6972129779801435}
P1_FSOT_conv sc 0 E 3.3042093681320432 ev 0.5135832251800236 dtheta 0.18058955702289925 theta(0) -3.1415807663744584
P1_FSOT_conv sc 1 E 3.2747659361598753 ev 0.5149701190520226 dtheta 0.1139449716128702 theta(0) -3.1415799118251573
P1_FSOT_conv sc 2 E 3.264867477740088 ev 0.5165114062180992 dtheta 0.07289388554326814 theta(0) -3.1415793655288335
P1_FSOT_conv sc 3 E 3.260536329245886 ev 0.5178511155150161 dtheta 0.0473525163957369 theta(0) -3.1415790158654056
P1_FSOT_conv sc 4 E 3.258179062340163 ev 0.5188851038583935 dtheta 0.03131269184083463 theta(0) -3.1415787896923755
P1_FSOT_conv sc 5 E 3.2566790352052517 ev 0.5196130021066486 dtheta 0.021129611322090902 theta(0) -3.141578641384377
P1_FSOT_conv sc 6 E 3.2556144517394126 ev 0.5200711893682047 dtheta 0.014569399895993929 theta(0) -3.1415785427916827
P1_FSOT_conv sc 7 E 3.254797738480022 ev 0.52030446986935 dtheta 0.010253100365429368 theta(0) -3.141578476439608
P1_FSOT_conv sc 8 E 3.254134776172275 ev 0.5203551822146074 dtheta 0.007329925526709857 theta(0) -3.1415784313412884
P1_FSOT_conv sc 9 E 3.2535739861481563 ev 0.5202597646018793 dtheta 0.005284007685224967 theta(0) -3.1415784004862983
P1_FSOT_conv sc 10 E 3.253085114881138 ev 0.5200483160759894 dtheta 0.0038088205994766255 theta(0) -3.1415783793333176
